// Jest Snapshot v1, https://goo.gl/fbAQLP

exports[`Home Page Snapshot renders 1`] = `
<p>
  homepage
</p>
`;
